
*** Running vivado
    with args -log top.vds -m64 -product Vivado -mode batch -messageDb vivado.pb -notrace -source top.tcl



****** Vivado v2025.1 (64-bit)
  **** SW Build 6140274 on Thu May 22 00:12:29 MDT 2025
  **** IP Build 6138677 on Thu May 22 03:10:11 MDT 2025
  **** SharedData Build 6139179 on Tue May 20 17:58:58 MDT 2025
  **** Start of session at: Thu Feb  5 13:14:04 2026
    ** Copyright 1986-2022 Xilinx, Inc. All Rights Reserved.
    ** Copyright 2022-2025 Advanced Micro Devices, Inc. All Rights Reserved.

source top.tcl -notrace
Command: synth_design -top top -part xc7z020clg400-2
Starting synth_design
Attempting to get a license for feature 'Synthesis' and/or device 'xc7z020'
INFO: [Common 17-349] Got license for feature 'Synthesis' and/or device 'xc7z020'
INFO: [Synth 8-7079] Multithreading enabled for synth_design using a maximum of 2 processes.
INFO: [Synth 8-7078] Launching helper process for spawning children vivado processes
INFO: [Synth 8-7075] Helper process launched with PID 13184
---------------------------------------------------------------------------------
Starting Synthesize : Time (s): cpu = 00:00:04 ; elapsed = 00:00:05 . Memory (MB): peak = 1001.219 ; gain = 502.176
---------------------------------------------------------------------------------
INFO: [Synth 8-6157] synthesizing module 'top' [D:/Code/CPU_RISC-V_x32/rtl/top.v:2]
INFO: [Synth 8-6157] synthesizing module 'PC' [D:/Code/CPU_RISC-V_x32/rtl/PC.v:2]
INFO: [Synth 8-6155] done synthesizing module 'PC' (0#1) [D:/Code/CPU_RISC-V_x32/rtl/PC.v:2]
INFO: [Synth 8-6157] synthesizing module 'inst_mem' [D:/Code/CPU_RISC-V_x32/rtl/inst_mem.v:2]
INFO: [Synth 8-6155] done synthesizing module 'inst_mem' (0#1) [D:/Code/CPU_RISC-V_x32/rtl/inst_mem.v:2]
INFO: [Synth 8-6157] synthesizing module 'CU' [D:/Code/CPU_RISC-V_x32/rtl/CU.v:2]
INFO: [Synth 8-155] case statement is not full and has no default [D:/Code/CPU_RISC-V_x32/rtl/CU.v:20]
INFO: [Synth 8-155] case statement is not full and has no default [D:/Code/CPU_RISC-V_x32/rtl/CU.v:17]
INFO: [Synth 8-155] case statement is not full and has no default [D:/Code/CPU_RISC-V_x32/rtl/CU.v:39]
INFO: [Synth 8-155] case statement is not full and has no default [D:/Code/CPU_RISC-V_x32/rtl/CU.v:14]
INFO: [Synth 8-6155] done synthesizing module 'CU' (0#1) [D:/Code/CPU_RISC-V_x32/rtl/CU.v:2]
INFO: [Synth 8-6157] synthesizing module 'reg_file' [D:/Code/CPU_RISC-V_x32/rtl/reg_file.v:2]
INFO: [Synth 8-6155] done synthesizing module 'reg_file' (0#1) [D:/Code/CPU_RISC-V_x32/rtl/reg_file.v:2]
INFO: [Synth 8-6157] synthesizing module 'imm_gen' [D:/Code/CPU_RISC-V_x32/rtl/imm_gen.v:2]
INFO: [Synth 8-155] case statement is not full and has no default [D:/Code/CPU_RISC-V_x32/rtl/imm_gen.v:7]
INFO: [Synth 8-6155] done synthesizing module 'imm_gen' (0#1) [D:/Code/CPU_RISC-V_x32/rtl/imm_gen.v:2]
INFO: [Synth 8-6157] synthesizing module 'ALU' [D:/Code/CPU_RISC-V_x32/rtl/ALU.v:2]
INFO: [Synth 8-6155] done synthesizing module 'ALU' (0#1) [D:/Code/CPU_RISC-V_x32/rtl/ALU.v:2]
INFO: [Synth 8-6155] done synthesizing module 'top' (0#1) [D:/Code/CPU_RISC-V_x32/rtl/top.v:2]
WARNING: [Synth 8-7129] Port instr[19] in module imm_gen is either unconnected or has no load
WARNING: [Synth 8-7129] Port instr[18] in module imm_gen is either unconnected or has no load
WARNING: [Synth 8-7129] Port instr[17] in module imm_gen is either unconnected or has no load
WARNING: [Synth 8-7129] Port instr[16] in module imm_gen is either unconnected or has no load
WARNING: [Synth 8-7129] Port instr[15] in module imm_gen is either unconnected or has no load
WARNING: [Synth 8-7129] Port instr[14] in module imm_gen is either unconnected or has no load
WARNING: [Synth 8-7129] Port instr[13] in module imm_gen is either unconnected or has no load
WARNING: [Synth 8-7129] Port instr[12] in module imm_gen is either unconnected or has no load
WARNING: [Synth 8-7129] Port instr[11] in module imm_gen is either unconnected or has no load
WARNING: [Synth 8-7129] Port instr[10] in module imm_gen is either unconnected or has no load
WARNING: [Synth 8-7129] Port instr[9] in module imm_gen is either unconnected or has no load
WARNING: [Synth 8-7129] Port instr[8] in module imm_gen is either unconnected or has no load
WARNING: [Synth 8-7129] Port instr[7] in module imm_gen is either unconnected or has no load
---------------------------------------------------------------------------------
Finished Synthesize : Time (s): cpu = 00:00:06 ; elapsed = 00:00:07 . Memory (MB): peak = 1107.465 ; gain = 608.422
---------------------------------------------------------------------------------
---------------------------------------------------------------------------------
Finished Constraint Validation : Time (s): cpu = 00:00:07 ; elapsed = 00:00:08 . Memory (MB): peak = 1107.465 ; gain = 608.422
---------------------------------------------------------------------------------
---------------------------------------------------------------------------------
Start Loading Part and Timing Information
---------------------------------------------------------------------------------
Loading part: xc7z020clg400-2
INFO: [Device 21-403] Loading part xc7z020clg400-2
---------------------------------------------------------------------------------
Finished Loading Part and Timing Information : Time (s): cpu = 00:00:07 ; elapsed = 00:00:08 . Memory (MB): peak = 1107.465 ; gain = 608.422
---------------------------------------------------------------------------------
WARNING: [Synth 8-327] inferring latch for variable 'we_reg' [D:/Code/CPU_RISC-V_x32/rtl/CU.v:23]
WARNING: [Synth 8-327] inferring latch for variable 'alu_src_reg' [D:/Code/CPU_RISC-V_x32/rtl/CU.v:24]
WARNING: [Synth 8-327] inferring latch for variable 'alu_ctrl_reg' [D:/Code/CPU_RISC-V_x32/rtl/CU.v:25]
WARNING: [Synth 8-327] inferring latch for variable 'imm_out_reg' [D:/Code/CPU_RISC-V_x32/rtl/imm_gen.v:10]
---------------------------------------------------------------------------------
Finished RTL Optimization Phase 2 : Time (s): cpu = 00:00:07 ; elapsed = 00:00:08 . Memory (MB): peak = 1107.465 ; gain = 608.422
---------------------------------------------------------------------------------
No constraint files found.
---------------------------------------------------------------------------------
Start RTL Component Statistics 
---------------------------------------------------------------------------------
Detailed RTL Component Info : 
+---Adders : 
	   3 Input   32 Bit       Adders := 1     
+---RAMs : 
	             1024 Bit	(32 X 32 bit)          RAMs := 1     
+---Muxes : 
	   2 Input   32 Bit        Muxes := 5     
	   2 Input   25 Bit        Muxes := 1     
	   4 Input   25 Bit        Muxes := 1     
	   2 Input    1 Bit        Muxes := 9     
	   3 Input    1 Bit        Muxes := 2     
---------------------------------------------------------------------------------
Finished RTL Component Statistics 
---------------------------------------------------------------------------------
---------------------------------------------------------------------------------
Start Part Resource Summary
---------------------------------------------------------------------------------
Part Resources:
DSPs: 220 (col length:60)
BRAMs: 280 (col length: RAMB18 60 RAMB36 30)
---------------------------------------------------------------------------------
Finished Part Resource Summary
---------------------------------------------------------------------------------
No constraint files found.
---------------------------------------------------------------------------------
Start Cross Boundary and Area Optimization
---------------------------------------------------------------------------------
WARNING: [Synth 8-7080] Parallel synthesis criteria is not met
WARNING: [Synth 8-6014] Unused sequential element u_reg_file/reg_file_reg was removed. 
WARNING: [Synth 8-3332] Sequential element (u_CU/we_reg) is unused and will be removed from module top.
WARNING: [Synth 8-3332] Sequential element (u_CU/alu_src_reg) is unused and will be removed from module top.
WARNING: [Synth 8-3332] Sequential element (u_CU/alu_ctrl_reg[3]) is unused and will be removed from module top.
WARNING: [Synth 8-3332] Sequential element (u_CU/alu_ctrl_reg[2]) is unused and will be removed from module top.
WARNING: [Synth 8-3332] Sequential element (u_CU/alu_ctrl_reg[1]) is unused and will be removed from module top.
WARNING: [Synth 8-3332] Sequential element (u_CU/alu_ctrl_reg[0]) is unused and will be removed from module top.
WARNING: [Synth 8-3332] Sequential element (u_imm_gen/imm_out_reg[31]) is unused and will be removed from module top.
WARNING: [Synth 8-3332] Sequential element (u_imm_gen/imm_out_reg[30]) is unused and will be removed from module top.
WARNING: [Synth 8-3332] Sequential element (u_imm_gen/imm_out_reg[29]) is unused and will be removed from module top.
WARNING: [Synth 8-3332] Sequential element (u_imm_gen/imm_out_reg[28]) is unused and will be removed from module top.
WARNING: [Synth 8-3332] Sequential element (u_imm_gen/imm_out_reg[27]) is unused and will be removed from module top.
WARNING: [Synth 8-3332] Sequential element (u_imm_gen/imm_out_reg[26]) is unused and will be removed from module top.
WARNING: [Synth 8-3332] Sequential element (u_imm_gen/imm_out_reg[25]) is unused and will be removed from module top.
WARNING: [Synth 8-3332] Sequential element (u_imm_gen/imm_out_reg[24]) is unused and will be removed from module top.
WARNING: [Synth 8-3332] Sequential element (u_imm_gen/imm_out_reg[23]) is unused and will be removed from module top.
WARNING: [Synth 8-3332] Sequential element (u_imm_gen/imm_out_reg[22]) is unused and will be removed from module top.
WARNING: [Synth 8-3332] Sequential element (u_imm_gen/imm_out_reg[21]) is unused and will be removed from module top.
WARNING: [Synth 8-3332] Sequential element (u_imm_gen/imm_out_reg[20]) is unused and will be removed from module top.
WARNING: [Synth 8-3332] Sequential element (u_imm_gen/imm_out_reg[19]) is unused and will be removed from module top.
WARNING: [Synth 8-3332] Sequential element (u_imm_gen/imm_out_reg[18]) is unused and will be removed from module top.
WARNING: [Synth 8-3332] Sequential element (u_imm_gen/imm_out_reg[17]) is unused and will be removed from module top.
WARNING: [Synth 8-3332] Sequential element (u_imm_gen/imm_out_reg[16]) is unused and will be removed from module top.
WARNING: [Synth 8-3332] Sequential element (u_imm_gen/imm_out_reg[15]) is unused and will be removed from module top.
WARNING: [Synth 8-3332] Sequential element (u_imm_gen/imm_out_reg[14]) is unused and will be removed from module top.
WARNING: [Synth 8-3332] Sequential element (u_imm_gen/imm_out_reg[13]) is unused and will be removed from module top.
WARNING: [Synth 8-3332] Sequential element (u_imm_gen/imm_out_reg[12]) is unused and will be removed from module top.
WARNING: [Synth 8-3332] Sequential element (u_imm_gen/imm_out_reg[11]) is unused and will be removed from module top.
WARNING: [Synth 8-3332] Sequential element (u_imm_gen/imm_out_reg[10]) is unused and will be removed from module top.
WARNING: [Synth 8-3332] Sequential element (u_imm_gen/imm_out_reg[9]) is unused and will be removed from module top.
WARNING: [Synth 8-3332] Sequential element (u_imm_gen/imm_out_reg[8]) is unused and will be removed from module top.
WARNING: [Synth 8-3332] Sequential element (u_imm_gen/imm_out_reg[7]) is unused and will be removed from module top.
WARNING: [Synth 8-3332] Sequential element (u_imm_gen/imm_out_reg[6]) is unused and will be removed from module top.
WARNING: [Synth 8-3332] Sequential element (u_imm_gen/imm_out_reg[5]) is unused and will be removed from module top.
WARNING: [Synth 8-3332] Sequential element (u_imm_gen/imm_out_reg[4]) is unused and will be removed from module top.
WARNING: [Synth 8-3332] Sequential element (u_imm_gen/imm_out_reg[3]) is unused and will be removed from module top.
WARNING: [Synth 8-3332] Sequential element (u_imm_gen/imm_out_reg[2]) is unused and will be removed from module top.
WARNING: [Synth 8-3332] Sequential element (u_imm_gen/imm_out_reg[1]) is unused and will be removed from module top.
WARNING: [Synth 8-3332] Sequential element (u_imm_gen/imm_out_reg[0]) is unused and will be removed from module top.
---------------------------------------------------------------------------------
Finished Cross Boundary and Area Optimization : Time (s): cpu = 00:00:12 ; elapsed = 00:00:14 . Memory (MB): peak = 1311.039 ; gain = 811.996
---------------------------------------------------------------------------------
No constraint files found.
---------------------------------------------------------------------------------
Start Timing Optimization
---------------------------------------------------------------------------------
---------------------------------------------------------------------------------
Finished Timing Optimization : Time (s): cpu = 00:00:12 ; elapsed = 00:00:14 . Memory (MB): peak = 1326.816 ; gain = 827.773
---------------------------------------------------------------------------------
---------------------------------------------------------------------------------
Start Technology Mapping
---------------------------------------------------------------------------------
---------------------------------------------------------------------------------
Finished Technology Mapping : Time (s): cpu = 00:00:12 ; elapsed = 00:00:14 . Memory (MB): peak = 1326.816 ; gain = 827.773
---------------------------------------------------------------------------------
---------------------------------------------------------------------------------
Start IO Insertion
---------------------------------------------------------------------------------
---------------------------------------------------------------------------------
Start Flattening Before IO Insertion
---------------------------------------------------------------------------------
---------------------------------------------------------------------------------
Finished Flattening Before IO Insertion
---------------------------------------------------------------------------------
---------------------------------------------------------------------------------
Start Final Netlist Cleanup
---------------------------------------------------------------------------------
---------------------------------------------------------------------------------
Finished Final Netlist Cleanup
---------------------------------------------------------------------------------
---------------------------------------------------------------------------------
Finished IO Insertion : Time (s): cpu = 00:00:17 ; elapsed = 00:00:20 . Memory (MB): peak = 1547.977 ; gain = 1048.934
---------------------------------------------------------------------------------
---------------------------------------------------------------------------------
Start Renaming Generated Instances
---------------------------------------------------------------------------------
---------------------------------------------------------------------------------
Finished Renaming Generated Instances : Time (s): cpu = 00:00:17 ; elapsed = 00:00:20 . Memory (MB): peak = 1547.977 ; gain = 1048.934
---------------------------------------------------------------------------------
---------------------------------------------------------------------------------
Start Rebuilding User Hierarchy
---------------------------------------------------------------------------------
---------------------------------------------------------------------------------
Finished Rebuilding User Hierarchy : Time (s): cpu = 00:00:17 ; elapsed = 00:00:20 . Memory (MB): peak = 1547.977 ; gain = 1048.934
---------------------------------------------------------------------------------
---------------------------------------------------------------------------------
Start Renaming Generated Ports
---------------------------------------------------------------------------------
---------------------------------------------------------------------------------
Finished Renaming Generated Ports : Time (s): cpu = 00:00:17 ; elapsed = 00:00:20 . Memory (MB): peak = 1547.977 ; gain = 1048.934
---------------------------------------------------------------------------------
---------------------------------------------------------------------------------
Start Handling Custom Attributes
---------------------------------------------------------------------------------
---------------------------------------------------------------------------------
Finished Handling Custom Attributes : Time (s): cpu = 00:00:17 ; elapsed = 00:00:20 . Memory (MB): peak = 1547.977 ; gain = 1048.934
---------------------------------------------------------------------------------
---------------------------------------------------------------------------------
Start Renaming Generated Nets
---------------------------------------------------------------------------------
---------------------------------------------------------------------------------
Finished Renaming Generated Nets : Time (s): cpu = 00:00:17 ; elapsed = 00:00:20 . Memory (MB): peak = 1547.977 ; gain = 1048.934
---------------------------------------------------------------------------------
---------------------------------------------------------------------------------
Start Writing Synthesis Report
---------------------------------------------------------------------------------

Report BlackBoxes: 
+-+--------------+----------+
| |BlackBox name |Instances |
+-+--------------+----------+
+-+--------------+----------+

Report Cell Usage: 
+-+-----+------+
| |Cell |Count |
+-+-----+------+
+-+-----+------+

Report Instance Areas: 
+------+---------+-------+------+
|      |Instance |Module |Cells |
+------+---------+-------+------+
|1     |top      |       |     0|
+------+---------+-------+------+
---------------------------------------------------------------------------------
Finished Writing Synthesis Report : Time (s): cpu = 00:00:17 ; elapsed = 00:00:20 . Memory (MB): peak = 1547.977 ; gain = 1048.934
---------------------------------------------------------------------------------
Synthesis finished with 0 errors, 0 critical warnings and 57 warnings.
Synthesis Optimization Runtime : Time (s): cpu = 00:00:17 ; elapsed = 00:00:20 . Memory (MB): peak = 1547.977 ; gain = 1048.934
Synthesis Optimization Complete : Time (s): cpu = 00:00:17 ; elapsed = 00:00:20 . Memory (MB): peak = 1547.977 ; gain = 1048.934
INFO: [Project 1-571] Translating synthesized netlist
Netlist sorting complete. Time (s): cpu = 00:00:00 ; elapsed = 00:00:00.001 . Memory (MB): peak = 1559.410 ; gain = 0.000
INFO: [Project 1-570] Preparing netlist for logic optimization
INFO: [Opt 31-138] Pushed 0 inverter(s) to 0 load pin(s).
Netlist sorting complete. Time (s): cpu = 00:00:00 ; elapsed = 00:00:00 . Memory (MB): peak = 1686.336 ; gain = 0.000
INFO: [Project 1-111] Unisim Transformation Summary:
No Unisim elements were transformed.

Synth Design complete | Checksum: 283c44e5
INFO: [Common 17-83] Releasing license: Synthesis
29 Infos, 57 Warnings, 0 Critical Warnings and 0 Errors encountered.
synth_design completed successfully
synth_design: Time (s): cpu = 00:00:21 ; elapsed = 00:00:25 . Memory (MB): peak = 1686.336 ; gain = 1190.219
INFO: [Common 17-1381] The checkpoint 'D:/Code/CPU_RISC-V_x32/prj/CPU_RISC-V_x32.runs/synth_1/top.dcp' has been generated.
INFO: [Vivado 12-24828] Executing command : report_utilization -file top_utilization_synth.rpt -pb top_utilization_synth.pb
INFO: [Common 17-206] Exiting Vivado at Thu Feb  5 13:14:35 2026...
